ğŸ” Running security audit...

ğŸ“Š Audit Results
================
Timestamp: 2026-01-20T19:27:51+05:30
Status: âœ… PASSED
Total Findings: 0

âœ… Audit PASSED.
ğŸ” Running security audit...

ğŸ“Š Audit Results
================
Timestamp: 2026-01-20T19:27:51+05:30
Status: âœ… PASSED
Total Findings: 0

ğŸ” Running security audit...
Findings: 0
ğŸ” Running security audit...

ğŸ“Š Audit Results
================
Timestamp: 2026-01-20T19:27:51+05:30
Status: âœ… PASSED
Total Findings: 0

âœ… Audit PASSED.
ğŸ” Running security audit...
â„¹ï¸  Hub not available, using local scanning only

ğŸ“Š Audit Results
================
Timestamp: 2026-01-20T19:27:51+05:30
Status: âœ… PASSED
Total Findings: 0

âœ… Audit PASSED.
ğŸ” Running security audit...

ğŸ“Š Audit Results
================
Timestamp: 2026-01-20T19:27:51+05:30
Status: âœ… PASSED
Total Findings: 0

âœ… Audit PASSED.
ğŸ” Running security audit...

ğŸ“Š Audit Results
================
Timestamp: 2026-01-20T19:27:51+05:30
Status: âœ… PASSED
Total Findings: 0

âœ… Audit PASSED.
ğŸ” Running security audit...
Findings: 0
ğŸ” Running security audit...
Findings: 0

ğŸ“Š Audit Results
================
Timestamp: 2026-01-20T00:00:00Z
Status: âŒ FAILED
Total Findings: 15

Summary by Type:
  test: 15

Findings:
  [high] test.go:1 - Test finding
  [high] test.go:2 - Test finding
  [high] test.go:3 - Test finding
  [high] test.go:4 - Test finding
  [high] test.go:5 - Test finding
  [high] test.go:6 - Test finding
  [high] test.go:7 - Test finding
  [high] test.go:8 - Test finding
  [high] test.go:9 - Test finding
  [high] test.go:10 - Test finding
  ... and 5 more findings

ğŸ“Š Audit Results
================
Timestamp: 2026-01-20T00:00:00Z
Status: âŒ FAILED
Total Findings: 2

Summary by Type:
  test2: 1
  test: 1

Findings:
  [high] test.go:10 - Test finding
    Pattern: test-pattern
  [medium] test2.go:20 - Another finding

ğŸ“Š Audit Results
================
Timestamp: 2026-01-20T00:00:00Z
Status: âŒ FAILED
Total Findings: 10

Summary by Type:
  test: 10

Findings:
  [high] test.go:1 - Test finding
  [high] test.go:2 - Test finding
  [high] test.go:3 - Test finding
  [high] test.go:4 - Test finding
  [high] test.go:5 - Test finding
  [high] test.go:6 - Test finding
  [high] test.go:7 - Test finding
  [high] test.go:8 - Test finding
  [high] test.go:9 - Test finding
  [high] test.go:10 - Test finding
Findings: 0
âœ… Knowledge base exported to: export.json
ğŸ” Running security audit...
ğŸ”— Hub available, performing deep AST analysis...
  Analyzing 1 files with Hub AST engine...

ğŸ“Š Audit Results
================
Timestamp: 2026-01-20T19:27:51+05:30
Status: âœ… PASSED
Total Findings: 0

âœ… Audit PASSED.
ğŸ” Running security audit...
ğŸ”— Hub available, performing deep AST analysis...
  Analyzing 1 files with Hub AST engine...

ğŸ“Š Audit Results
================
Timestamp: 2026-01-20T19:27:51+05:30
Status: âœ… PASSED
Total Findings: 0

âœ… Audit PASSED.
ğŸ” Running security audit...
ğŸ”— Hub available, performing deep AST analysis...
  Analyzing 1 files with Hub AST engine...

ğŸ“Š Audit Results
================
Timestamp: 2026-01-20T19:27:51+05:30
Status: âœ… PASSED
Total Findings: 0

âœ… Audit PASSED.
ğŸ” Running security audit...
ğŸ”— Hub available, performing deep AST analysis...
  Analyzing 1 files with Hub AST engine...

ğŸ“Š Audit Results
================
Timestamp: 2026-01-20T19:27:51+05:30
Status: âœ… PASSED
Total Findings: 0

âœ… Audit PASSED.
ğŸ” Running security audit...
Findings: 0
ğŸ“„ Results saved to: results.json
ğŸ” Running security audit...

ğŸ“Š Audit Results
================
Timestamp: 2026-01-20T19:27:51+05:30
Status: âœ… PASSED
Total Findings: 0

âœ… Audit PASSED.
ğŸ” Running security audit...
Findings: 0
ğŸ” Running security audit...

ğŸ“Š Audit Results
================
Timestamp: 2026-01-20T19:27:51+05:30
Status: âœ… PASSED
Total Findings: 0

ğŸ“„ Results saved to: results.html
âœ… Audit PASSED.

ğŸ“Š Audit Results
================
Timestamp: 2026-01-20T00:00:00Z
Status: âŒ FAILED
Total Findings: 2

Summary by Type:
  pattern2: 1
  pattern1: 1

Findings:
  [critical] test1.go:10 - Critical issue
  [high] test2.go:20 - High severity issue

ğŸ“Š Audit Results
================
Timestamp: 2026-01-20T00:00:00Z
Status: âœ… PASSED
Total Findings: 0


ğŸ“Š Audit Results
================
Timestamp: 2026-01-20T00:00:00Z
Status: âŒ FAILED
Total Findings: 5

Summary by Type:
  test: 5

Findings:
  [critical] test.go:1 - 
  [high] test.go:2 - 
  [medium] test.go:3 - 
  [low] test.go:4 - 
  [warning] test.go:5 - 
ğŸ” Running security audit...

ğŸ“Š Audit Results
================
Timestamp: 2026-01-20T19:27:51+05:30
Status: âœ… PASSED
Total Findings: 0

âœ… Audit PASSED.
ğŸ” Running security audit...
Findings: 0
ğŸ” Running security audit...

ğŸ“Š Audit Results
================
Timestamp: 2026-01-20T19:27:51+05:30
Status: âœ… PASSED
Total Findings: 0

âœ… Audit PASSED.
ğŸ” Running security audit...

ğŸ“Š Audit Results
================
Timestamp: 2026-01-20T19:27:51+05:30
Status: âœ… PASSED
Total Findings: 0

âœ… Audit PASSED.
ğŸ” Running security audit...

ğŸ“Š Audit Results
================
Timestamp: 2026-01-20T19:27:51+05:30
Status: âœ… PASSED
Total Findings: 0

âœ… Audit PASSED.
ğŸ” Running security audit...

ğŸ“Š Audit Results
================
Timestamp: 2026-01-20T19:27:51+05:30
Status: âœ… PASSED
Total Findings: 0

âœ… Audit PASSED.
ğŸ” Running security audit...

ğŸ“Š Audit Results
================
Timestamp: 2026-01-20T19:27:51+05:30
Status: âœ… PASSED
Total Findings: 0

âœ… Audit PASSED.
ğŸ” Running security audit...

ğŸ“Š Audit Results
================
Timestamp: 2026-01-20T19:27:51+05:30
Status: âœ… PASSED
Total Findings: 0

âœ… Audit PASSED.
ğŸ” Running security audit...

ğŸ“Š Audit Results
================
Timestamp: 2026-01-20T19:27:51+05:30
Status: âœ… PASSED
Total Findings: 0

âœ… Audit PASSED.
ğŸ” Running security audit...

ğŸ“Š Audit Results
================
Timestamp: 2026-01-20T19:27:51+05:30
Status: âœ… PASSED
Total Findings: 0

ğŸ“„ Results saved to: results.json
âœ… Audit PASSED.
ğŸ” Running security audit...

ğŸ“Š Audit Results
================
Timestamp: 2026-01-20T19:27:51+05:30
Status: âœ… PASSED
Total Findings: 0

âœ… Audit PASSED.
ğŸ” Running security audit...
Findings: 0
Findings: 0
Summary:
  test: 5

ğŸ“Š Audit Results
================
Timestamp: 2026-01-20T00:00:00Z
Status: âœ… PASSED
Total Findings: 0

Summary by Type:
  test: 2


ğŸ“Š Audit Results
================
Timestamp: 2026-01-20T00:00:00Z
Status: âŒ FAILED
Total Findings: 1

Summary by Type:
  test: 1

Findings:
  [high] test.go:10 - Test finding

ğŸ“Š Audit Results
================
Timestamp: 2026-01-20T00:00:00Z
Status: âœ… PASSED
Total Findings: 0

Summary by Type:
  pattern1: 3
  pattern2: 5

âœ… Baseline exported to: export.json
âœ… Imported 1 baseline entries
ğŸ“‹ Baseline is empty

Use 'sentinel baseline add' to accept findings.
âœ… Added to baseline: test.js:10
   Reason: Test reason
ğŸ“‹ Baseline (1 entries)
=                                                  

1. test.js:10 - manual_baseline
   Reason: Test reason
   Added: 2026-01-20 by divyanggarg
âœ… Added to baseline: test2.js:20
   Reason: Reason
âœ… Removed from baseline: test.js:10
âœ… Added to baseline: test3.js:30
   Reason: Reason
âœ… Baseline cleared
âœ… Added to baseline: test4.js:40
   Reason: Reason
âœ… Baseline exported to: baseline.json
âœ… Imported 1 baseline entries
Usage: sentinel baseline <command> [options]

Manage accepted findings (baseline).

Commands:
  (no command)        Show current baseline
  add <file> <line>   Add finding to baseline
  remove <index>      Remove finding from baseline
  clear               Clear all baseline entries
  export <file>       Export baseline to JSON file
  import <file>       Import baseline from JSON file
  help                Show this help message

Examples:
  sentinel baseline                    # Show all baseline entries
  sentinel baseline add app.js 42      # Accept finding at app.js:42
  sentinel baseline remove 1           # Remove first entry
  sentinel baseline export baseline.json
âœ… Added to baseline: test.js:10
   Reason: Custom reason
âœ… Added to baseline: test2.js:20
   Reason: Accepted via baseline command
âœ… Added to baseline: test.js:10
   Reason: Reason 1
âœ… Added to baseline: test.js:20
   Reason: Reason 2
âœ… Added to baseline: test.js:30
   Reason: Reason 3
âœ… Removed from baseline: test.js:20
âœ… Added to baseline: test.js:10
   Reason: Reason
âœ… Baseline cleared
ğŸ“‹ Baseline is already empty
ğŸ“‹ Baseline is empty

Use 'sentinel baseline add' to accept findings.
âœ… Added to baseline: test.js:10
   Reason: Test reason
ğŸ“‹ Baseline (1 entries)
=                                                  

1. test.js:10 - manual_baseline
   Reason: Test reason
   Added: 2026-01-20 by divyanggarg
Sentinel - Vibe Coding Detection Tool
Usage: sentinel <command> [options]

Commands:
  init         Initialize Sentinel in current project
  audit        Run security and quality audit
  learn        Learn patterns from codebase
  fix          Apply safe automatic fixes
  status       Show project health status
  baseline     Manage accepted findings
  history      View audit history and trends
  docs         Generate file structure documentation
  install-hooks Install git hooks
  validate-rules Validate Cursor rules syntax
  update-rules Update rules from Hub
  knowledge   Manage knowledge base
  review      Review pending knowledge entries
  doc-sync    Check documentation-code sync
  mcp-server   Start MCP server for Cursor integration
  version      Show version information
  help         Show this help message

For more information, see: https://github.com/divyang-garg/sentinel-hub-api
ğŸ—ï¸  Sentinel: Initializing Factory...

--- Service Line ---
1) ğŸŒ Web App
2) ğŸ“± Mobile (Cross-Platform)
3) ğŸ Mobile (Native)
4) ğŸ›ï¸  Commerce
5) ğŸ§  AI & Data
Selection: 
--- Database ---
1) SQL
2) NoSQL
3) None
Selection: 
--- Protocol ---
Support SOAP/Legacy? [y/N]: âœ… Environment Secured. Rules Injected (Hidden).
sentinel v24
sentinel v24
sentinel v24
Sentinel - Vibe Coding Detection Tool
Usage: sentinel <command> [options]

Commands:
  init         Initialize Sentinel in current project
  audit        Run security and quality audit
  learn        Learn patterns from codebase
  fix          Apply safe automatic fixes
  status       Show project health status
  baseline     Manage accepted findings
  history      View audit history and trends
  docs         Generate file structure documentation
  install-hooks Install git hooks
  validate-rules Validate Cursor rules syntax
  update-rules Update rules from Hub
  knowledge   Manage knowledge base
  review      Review pending knowledge entries
  doc-sync    Check documentation-code sync
  mcp-server   Start MCP server for Cursor integration
  version      Show version information
  help         Show this help message

For more information, see: https://github.com/divyang-garg/sentinel-hub-api
Sentinel - Vibe Coding Detection Tool
Usage: sentinel <command> [options]

Commands:
  init         Initialize Sentinel in current project
  audit        Run security and quality audit
  learn        Learn patterns from codebase
  fix          Apply safe automatic fixes
  status       Show project health status
  baseline     Manage accepted findings
  history      View audit history and trends
  docs         Generate file structure documentation
  install-hooks Install git hooks
  validate-rules Validate Cursor rules syntax
  update-rules Update rules from Hub
  knowledge   Manage knowledge base
  review      Review pending knowledge entries
  doc-sync    Check documentation-code sync
  mcp-server   Start MCP server for Cursor integration
  version      Show version information
  help         Show this help message

For more information, see: https://github.com/divyang-garg/sentinel-hub-api
Sentinel - Vibe Coding Detection Tool
Usage: sentinel <command> [options]

Commands:
  init         Initialize Sentinel in current project
  audit        Run security and quality audit
  learn        Learn patterns from codebase
  fix          Apply safe automatic fixes
  status       Show project health status
  baseline     Manage accepted findings
  history      View audit history and trends
  docs         Generate file structure documentation
  install-hooks Install git hooks
  validate-rules Validate Cursor rules syntax
  update-rules Update rules from Hub
  knowledge   Manage knowledge base
  review      Review pending knowledge entries
  doc-sync    Check documentation-code sync
  mcp-server   Start MCP server for Cursor integration
  version      Show version information
  help         Show this help message

For more information, see: https://github.com/divyang-garg/sentinel-hub-api
ğŸ” Running pre-commit hook...
ğŸ” Running security audit...
Findings: 0
âš™ï¸  Installing git hooks...
MCP server starting...
ğŸ—ï¸  Sentinel: Initializing Factory...
âœ… Existing rules backed up to .cursor/rules_backup_1768917471

--- Service Line ---
1) ğŸŒ Web App
2) ğŸ“± Mobile (Cross-Platform)
3) ğŸ Mobile (Native)
4) ğŸ›ï¸  Commerce
5) ğŸ§  AI & Data
Selection: 
--- Database ---
1) SQL
2) NoSQL
3) None
Selection: 
--- Protocol ---
Support SOAP/Legacy? [y/N]: âœ… Environment Secured. Rules Injected (Hidden).
ğŸ” Running security audit...

ğŸ“Š Audit Results
================
Timestamp: 2026-01-20T19:27:51+05:30
Status: âœ… PASSED
Total Findings: 0

âœ… Audit PASSED.
Learning import patterns
Learning naming conventions
Primary language: Go
Functions: camelCase, PascalCase, snake_case
Import style: absolute
Code style: tabs indent (4),  quotes, semicolons: optional
Usage: sentinel fix [options] [path]

Apply safe automatic fixes to your codebase.

Options:
  --dry-run, --safe   Preview fixes without applying them
  --yes, -y           Apply all fixes without prompting
  --pattern <name>    Apply specific fix pattern only (console, debugger, imports, whitespace)
  rollback            Restore files from last fix session
  rollback --list     List available rollback sessions
  --help, -h          Show this help message

Examples:
  sentinel fix --dry-run              # Preview fixes
  sentinel fix --yes                  # Apply all fixes
  sentinel fix --pattern console      # Only fix console.log
  sentinel fix src/                   # Fix only src/ directory
  sentinel fix rollback               # Undo last fix
  sentinel fix rollback --list        # List rollback sessions
ğŸ“Š Sentinel Project Status
==========================
âš ï¸  Configuration: .sentinelrc not found (run 'sentinel init')
âš ï¸  Project Files: No common project files detected
âš ï¸  Version Control: Not a git repository
âœ… Testing: 23 test files detected
âœ… Patterns: Learned patterns found
âœ… Cursor Rules: Rules directory found

ğŸ’¡ Recommendations:
  - Run 'sentinel init' to bootstrap the project
  - Run 'sentinel audit' to check for security issues
Usage: sentinel baseline <command> [options]

Manage accepted findings (baseline).

Commands:
  (no command)        Show current baseline
  add <file> <line>   Add finding to baseline
  remove <index>      Remove finding from baseline
  clear               Clear all baseline entries
  export <file>       Export baseline to JSON file
  import <file>       Import baseline from JSON file
  help                Show this help message

Examples:
  sentinel baseline                    # Show all baseline entries
  sentinel baseline add app.js 42      # Accept finding at app.js:42
  sentinel baseline remove 1           # Remove first entry
  sentinel baseline export baseline.json
ğŸ“Š No audit history found

Run 'sentinel audit' to start building history.
ğŸ“ Generating file structure documentation...
âœ… Documentation generated: docs/FILE_STRUCTURE.md
âš™ï¸  Installing git hooks...
ğŸ” Validating Cursor rules...
âœ… 00-constitution.md
âœ… 01-firewall.md
âŒ project-patterns.md: missing YAML frontmatter

ğŸ“Š Validation complete: 2 valid, 1 invalid
ğŸ”„ Checking for rule updates...
âœ… Hub connected
âš ï¸  Hub-based rule updates not yet implemented

ğŸ’¡ Falling back to default templates...
ğŸ“¦ Creating backup at .cursor/rules/.backup-20260120-192751
âœ… Updated constitution.md
âœ… Updated security.md

ğŸ¯ Updated 2 rule files

ğŸ’¡ Review changes and restore from backup if needed:
   Backup: .cursor/rules/.backup-20260120-192751
Usage: sentinel knowledge <command> [options]

Manage knowledge base entries.

Commands:
  (no command)        List all knowledge entries
  add <title> <content> [type] [tags...]  Add new entry
  list                List all entries
  search <query>      Search entries
  extract <file>      Extract business rules from document
  export <file>       Export to JSON
  import <file>       Import from JSON
  help                Show this help

Examples:
  sentinel knowledge add 'Auth Flow' 'User must authenticate' requirement security
  sentinel knowledge search auth
ğŸ“š No knowledge base found
ğŸ”„ Checking documentation-code synchronization...
âš ï¸  No docs/knowledge directory found
MCP server starting...
sentinel v24
Sentinel - Vibe Coding Detection Tool
Usage: sentinel <command> [options]

Commands:
  init         Initialize Sentinel in current project
  audit        Run security and quality audit
  learn        Learn patterns from codebase
  fix          Apply safe automatic fixes
  status       Show project health status
  baseline     Manage accepted findings
  history      View audit history and trends
  docs         Generate file structure documentation
  install-hooks Install git hooks
  validate-rules Validate Cursor rules syntax
  update-rules Update rules from Hub
  knowledge   Manage knowledge base
  review      Review pending knowledge entries
  doc-sync    Check documentation-code sync
  mcp-server   Start MCP server for Cursor integration
  version      Show version information
  help         Show this help message

For more information, see: https://github.com/divyang-garg/sentinel-hub-api
Sentinel - Vibe Coding Detection Tool
Usage: sentinel <command> [options]

Commands:
  init         Initialize Sentinel in current project
  audit        Run security and quality audit
  learn        Learn patterns from codebase
  fix          Apply safe automatic fixes
  status       Show project health status
  baseline     Manage accepted findings
  history      View audit history and trends
  docs         Generate file structure documentation
  install-hooks Install git hooks
  validate-rules Validate Cursor rules syntax
  update-rules Update rules from Hub
  knowledge   Manage knowledge base
  review      Review pending knowledge entries
  doc-sync    Check documentation-code sync
  mcp-server   Start MCP server for Cursor integration
  version      Show version information
  help         Show this help message

For more information, see: https://github.com/divyang-garg/sentinel-hub-api
sentinel v24
âœ… Added to baseline: test.js:42
   Reason: Test reason
ğŸ“‹ Baseline (1 entries)
=                                                  

1. test.js:42 - manual_baseline
   Reason: Test reason
   Added: 2026-01-20 by divyanggarg
âœ… Removed from baseline: test.js:42
ğŸ“š Knowledge base is empty

Use 'sentinel knowledge add' to add entries.
sentinel v24
sentinel v24
Sentinel - Vibe Coding Detection Tool
Usage: sentinel <command> [options]

Commands:
  init         Initialize Sentinel in current project
  audit        Run security and quality audit
  learn        Learn patterns from codebase
  fix          Apply safe automatic fixes
  status       Show project health status
  baseline     Manage accepted findings
  history      View audit history and trends
  docs         Generate file structure documentation
  install-hooks Install git hooks
  validate-rules Validate Cursor rules syntax
  update-rules Update rules from Hub
  knowledge   Manage knowledge base
  review      Review pending knowledge entries
  doc-sync    Check documentation-code sync
  mcp-server   Start MCP server for Cursor integration
  version      Show version information
  help         Show this help message

For more information, see: https://github.com/divyang-garg/sentinel-hub-api
Sentinel - Vibe Coding Detection Tool
Usage: sentinel <command> [options]

Commands:
  init         Initialize Sentinel in current project
  audit        Run security and quality audit
  learn        Learn patterns from codebase
  fix          Apply safe automatic fixes
  status       Show project health status
  baseline     Manage accepted findings
  history      View audit history and trends
  docs         Generate file structure documentation
  install-hooks Install git hooks
  validate-rules Validate Cursor rules syntax
  update-rules Update rules from Hub
  knowledge   Manage knowledge base
  review      Review pending knowledge entries
  doc-sync    Check documentation-code sync
  mcp-server   Start MCP server for Cursor integration
  version      Show version information
  help         Show this help message

For more information, see: https://github.com/divyang-garg/sentinel-hub-api
Sentinel - Vibe Coding Detection Tool
Usage: sentinel <command> [options]

Commands:
  init         Initialize Sentinel in current project
  audit        Run security and quality audit
  learn        Learn patterns from codebase
  fix          Apply safe automatic fixes
  status       Show project health status
  baseline     Manage accepted findings
  history      View audit history and trends
  docs         Generate file structure documentation
  install-hooks Install git hooks
  validate-rules Validate Cursor rules syntax
  update-rules Update rules from Hub
  knowledge   Manage knowledge base
  review      Review pending knowledge entries
  doc-sync    Check documentation-code sync
  mcp-server   Start MCP server for Cursor integration
  version      Show version information
  help         Show this help message

For more information, see: https://github.com/divyang-garg/sentinel-hub-api
ğŸ“‹ Baseline is empty

Use 'sentinel baseline add' to accept findings.
Usage: sentinel baseline <command> [options]

Manage accepted findings (baseline).

Commands:
  (no command)        Show current baseline
  add <file> <line>   Add finding to baseline
  remove <index>      Remove finding from baseline
  clear               Clear all baseline entries
  export <file>       Export baseline to JSON file
  import <file>       Import baseline from JSON file
  help                Show this help message

Examples:
  sentinel baseline                    # Show all baseline entries
  sentinel baseline add app.js 42      # Accept finding at app.js:42
  sentinel baseline remove 1           # Remove first entry
  sentinel baseline export baseline.json
Usage: sentinel knowledge <command> [options]

Manage knowledge base entries.

Commands:
  (no command)        List all knowledge entries
  add <title> <content> [type] [tags...]  Add new entry
  list                List all entries
  search <query>      Search entries
  extract <file>      Extract business rules from document
  export <file>       Export to JSON
  import <file>       Import from JSON
  help                Show this help

Examples:
  sentinel knowledge add 'Auth Flow' 'User must authenticate' requirement security
  sentinel knowledge search auth
ğŸ“Š No audit history found

Run 'sentinel audit' to start building history.
ğŸ“Š Sentinel Project Status
==========================
âš ï¸  Configuration: .sentinelrc not found (run 'sentinel init')
âš ï¸  Project Files: No common project files detected
âœ… Version Control: Git repository detected
âš ï¸  Testing: No test files detected
âš ï¸  Patterns: No learned patterns (run 'sentinel learn')
âœ… Cursor Rules: Rules directory found

ğŸ’¡ Recommendations:
  - Run 'sentinel init' to bootstrap the project
  - Consider adding tests to improve code quality
  - Run 'sentinel audit' to check for security issues
  - Run 'sentinel learn' to learn codebase patterns
ğŸ” Validating Cursor rules...
âŒ test.md: missing required field: alwaysApply

ğŸ“Š Validation complete: 0 valid, 1 invalid
ğŸ”„ Checking for rule updates...
âœ… Hub connected
âš ï¸  Hub-based rule updates not yet implemented

ğŸ’¡ Falling back to default templates...
ğŸ“¦ Creating backup at .cursor/rules/.backup-20260120-192751
âœ… Updated constitution.md
âœ… Updated security.md

ğŸ¯ Updated 2 rule files

ğŸ’¡ Review changes and restore from backup if needed:
   Backup: .cursor/rules/.backup-20260120-192751
ğŸ“ Generating file structure documentation...
âœ… Documentation generated: docs/FILE_STRUCTURE.md
ğŸ“š No knowledge base found
âœ… Added knowledge entry: Draft Entry 1
âœ… Added knowledge entry: Draft Entry 2
ğŸ“‹ Reviewing 2 pending knowledge entries
============================================================

[1/2] Draft Entry 1
Type: requirement
Content: Content 1

[a]pprove, [r]eject, [s]kip, [q]uit: âš ï¸  Invalid choice, skipping

[2/2] Draft Entry 2
Type: requirement
Content: Content 2

[a]pprove, [r]eject, [s]kip, [q]uit: âš ï¸  Invalid choice, skipping

âœ… Review complete
ğŸ”„ Checking documentation-code synchronization...
âš ï¸  No docs/knowledge directory found
Learning import patterns
Learning naming conventions
Functions: snake_case, camelCase
Code style: spaces indent (4),  quotes, semicolons: optional
Learning naming conventions
Functions: camelCase, snake_case
Learning import patterns
Analyzing folder structure
Pattern: hooks (examples: .git/hooks)
{
  "languages": {},
  "frameworks": {},
  "namingPatterns": {},
  "fileExtensions": {},
  "projectStructure": {},
  "importPatterns": {
    "style": "",
    "aliasing": {},
    "barrelFiles": null,
    "defaultImports": 0,
    "namedImports": 0,
    "examples": []
  },
  "codeStyle": {
    "indentStyle": "",
    "indentSize": 0,
    "quoteStyle": "",
    "semicolons": "",
    "lineEnding": "",
    "trailingComma": ""
  }
}
FAIL	github.com/divyang-garg/sentinel-hub-api/internal/cli	0.498s
FAIL
